[www.thefightersclub.com.hk/index.html]
[static.parastorage.com/unpkg/core-js-bundle@3.2.1/minified.js]
[static.parastorage.com/unpkg/focus-within-polyfill@5.0.9/dist/focus-within-polyfill.js]
[backblue.gif]
[fade.gif]
[index.html]
[polyfill.io/v3/polyfill.mind82c.js]
[browser.sentry-cdn.com/6.18.2/bundle.min.js]
[www.thefightersclub.com.hk/decodeURIComponent(e]
[www.thefightersclub.com.hk/sitemap.xml]
[www.thefightersclub.com.hk/feed.xml]
[static.parastorage.com/services/wix-thunderbolt/dist/ab-test-compilation/thunderbolt-commons.7ca534fa.bundle.min.js]
[static.parastorage.com/services/wix-thunderbolt/dist/ab-test-compilation/main.c16c2c7f.bundle.min.js]
[static.parastorage.com/unpkg/lodash@4.17.21/lodash.min.js]
[static.parastorage.com/unpkg/react@16.14.0/umd/react.production.min.js]
[static.parastorage.com/services/tag-manager-client/1.427.0/siteTags.bundle.min.js]
[static.parastorage.com/services/wix-perf-measure/1.1042.0/wix-perf-measure.bundle.min.js]
[static.parastorage.com/unpkg/react-dom@16.14.0/umd/react-dom.production.min.js]
[static.parastorage.com/services/editor-elements/dist/media/sloppyframe.d6793e19.png]
[www.thefightersclub.com.hk/f52e40aa.min.css]
[www.thefightersclub.com.hk/99a6a99f.min.css]
[www.thefightersclub.com.hk/4d761874.min.css]
[www.thefightersclub.com.hk/77753e29.min.css]
[www.thefightersclub.com.hk/7a36fe10.chunk.min.js]
[www.thefightersclub.com.hk/e3671379.chunk.min.js]
[www.thefightersclub.com.hk/rb_wixui.thunderbolt_bootstrap-classic.db545a77.chunk.min.js]
[www.thefightersclub.com.hk/rb_wixui.thunderbolt_bootstrap.8a86afda.chunk.min.css]
[www.thefightersclub.com.hk/rb_wixui.thunderbolt_bootstrap.7a36fe10.chunk.min.js]
[www.thefightersclub.com.hk/rb_wixui.thunderbolt_bootstrap-responsive.f3ca696f.chunk.min.css]
[www.thefightersclub.com.hk/rb_wixui.thunderbolt_bootstrap-responsive.e3671379.chunk.min.js]
[www.thefightersclub.com.hk/rb_wixui.thunderbolt_common-site-members-dialogs.384b0b57.chunk.min.css]
[www.thefightersclub.com.hk/rb_wixui.thunderbolt_common-site-members-dialogs.2059cbfd.chunk.min.js]
[static.wixstatic.com/media/76017a_423b6b7bf4aa47658a508f2cb34a2774_mv2.png/v1/fill/w_116,h_60,al_c,q_85,usm_0.66_1.00_0.01,enc_aut/76017a_423b6b7bf4aa47658a508f2c]
[static.wixstatic.com/media/76017a_e37c9232120f4907aa5203646079e0b4f000.jpg/v1/fill/w_288,h_158,al_c,q_80,usm_0.66_1.00_0.01,blur_2/76017a_e37c9232120f4907aa520364]
[static.wixstatic.com/media/76017a_f7ff4228d207435d878c53d49d0dad0a_mv2.jpg/v1/fill/w_1044,h_693,al_c,q_85,usm_0.66_1.00_0.01,enc_auto/DSCF9541.jpg]
[static.parastorage.com/services/pro-gallery-santa-wrapper/1.2776.0/staticCss.min.css]
[static.wixstatic.com/media/76017a_5f557bec3d3946af9400f82235634ec2_mv2.jpg/v1/fill/w_147,h_104,al_c,q_80,usm_0.66_1.00_0.01,blur_2/76017a_5f557bec3d3946af9400f822]
[www.thefightersclub.com.hk/book-online.html]
[static.wixstatic.com/media/76017a_37f8daf0d5f14045b3b219f4daf2484b_mv2.jpe/v1/fill/w_238,h_178,fp_0.28_0.54,q_90/76017a_37f8daf0d5f14045b3b219f4daf2484b_mv2.22.de]
[static.wixstatic.com/media/76017a_3ae37611ed36464280af42b6e0d55cf4_mv2.jpeg/v1/fill/w_238,h_178,q_90/76017a_3ae37611ed36464280af42b6e0d55cf4_mv2.jpg]
[static.wixstatic.com/media/76017a_cc613daf752949bb8cc1d8e7b3af9d9e_mv2_d_1/v1/fill/w_238,h_178,fp_0.5_0.33,q_90/76017a_cc613daf752949bb8cc1d8e7b3af9d9e_mv2_d_1600]
[static.wixstatic.com/media/76017a_ca71f041ac06441e8093e83405a7a5bd_mv2.jpg/v1/fill/w_237,h_178,q_90/76017a_ca71f041ac06441e8093e83405a7a5bd_mv2.jpg]
[static.wixstatic.com/media/76017a_e1495653e15047cf9a0d38bd4179b0fb_mv2.jpeg/v1/fill/w_238,h_178,q_90/76017a_e1495653e15047cf9a0d38bd4179b0fb_mv2.jpg]
[static.wixstatic.com/media/76017a_4e74e6584cfd4c6e82e41b636dbe6e91_mv2.png/v1/fill/w_238,h_178,q_90/76017a_4e74e6584cfd4c6e82e41b636dbe6e91_mv2.png]
[static.wixstatic.com/media/76017a_4a643692cbab49c185842b7df2e18988_mv2.png/v1/fill/w_238,h_178,q_90/76017a_4a643692cbab49c185842b7df2e18988_mv2.png]
[static.wixstatic.com/media/76017a_68dfb88db4614ce1893b243f8a72ed9d_mv2.jpg/v1/fill/w_238,h_178,q_90/76017a_68dfb88db4614ce1893b243f8a72ed9d_mv2.jpg]
[static.wixstatic.com/media/76017a_60d1b2d5348b4bf8b2faf5159018fd85_mv2.png/v1/fill/w_237,h_178,fp_0.76_0.6,q_90/76017a_60d1b2d5348b4bf8b2faf5159018fd85_mv2.29.del]
[static.wixstatic.com/media/76017a_845569525f5c4c32a9fad6fcef6feca5_mv2.jpg/v1/fill/w_238,h_178,q_90/76017a_845569525f5c4c32a9fad6fcef6feca5_mv2.jpg]
[static.wixstatic.com/media/76017a_fbd29de6af004c69a5bf8d4494ed6784_mv2.jpg/v1/fill/w_238,h_178,q_90/76017a_fbd29de6af004c69a5bf8d4494ed6784_mv2.jpg]
[static.wixstatic.com/media/76017a_2d425727dd0749cbb7d93e90dc9e5e0e_mv2.jpg/v1/fill/w_237,h_178,q_90/76017a_2d425727dd0749cbb7d93e90dc9e5e0e_mv2.jpg]
[static.wixstatic.com/media/76017a_8d938911b415423da11bb13fa79333ac_mv2.jpg/v1/fill/w_238,h_178,q_90/76017a_8d938911b415423da11bb13fa79333ac_mv2.jpg]
[static.wixstatic.com/media/76017a_93c5e71fd0784e52ae77dea8b07bdb5c_mv2_d_1/v1/fill/w_238,h_178,fp_1_0.3,q_90/76017a_93c5e71fd0784e52ae77dea8b07bdb5c_mv2_d_1200_16]
[static.wixstatic.com/media/e9b1c8_1e6d80aed8dc42abafa8cf55f97f4708_mv2.png/v1/fill/w_248,h_140,fp_0.67_0.5,q_89/e9b1c8_1e6d80aed8dc42abafa8cf55f97f4708_mv2.31.del]
[static.wixstatic.com/media/e9b1c8_3f7e8aeaced140db81de8ae4e5a4511a_mv2.jpg/v1/fill/w_248,h_140,q_89/e9b1c8_3f7e8aeaced140db81de8ae4e5a4511a_mv2.jpg]
[static.wixstatic.com/media/76017a_aeb1a1f12c2e4f9cb629791545b06976_mv2_d_1/v1/fill/w_238,h_178,fp_0.92_0.46,q_90/76017a_aeb1a1f12c2e4f9cb629791545b06976_mv2_d_120]
[static.wixstatic.com/media/e9b1c8_57a4a632cf4741cda96878e347a4b7fc_mv2.jpg/v1/fill/w_248,h_140,q_89/e9b1c8_57a4a632cf4741cda96878e347a4b7fc_mv2.jpg]
[static.wixstatic.com/media/e9b1c8_174fbd06ff404788acf7e13c71b70c97_mv2.jpg/v1/fill/w_248,h_140,q_89/e9b1c8_174fbd06ff404788acf7e13c71b70c97_mv2.jpg]
[static.wixstatic.com/media/76017a_86ce6bf1fa9d472a875f64a9f818a7a5_mv2.png/v1/fill/w_248,h_140,q_89/76017a_86ce6bf1fa9d472a875f64a9f818a7a5_mv2.png]
[static.wixstatic.com/media/e9b1c8_2720fbe1c32a48c99a11739b89487aa8_mv2.jpg/v1/fill/w_248,h_140,q_89/e9b1c8_2720fbe1c32a48c99a11739b89487aa8_mv2.jpg]
[static.wixstatic.com/media/e9b1c8_0f87cebb8eb2414d86e216b493f4f953_mv2.jpg/v1/fill/w_248,h_140,q_89/e9b1c8_0f87cebb8eb2414d86e216b493f4f953_mv2.jpg]
[static.wixstatic.com/media/e9b1c8_4a64f12ba62e413dbbb8de6b49a4b37e_mv2.jpg/v1/fill/w_248,h_140,q_89/e9b1c8_4a64f12ba62e413dbbb8de6b49a4b37e_mv2.jpg]
[static.wixstatic.com/media/e9b1c8_ba015fbb25904b658aadb5574c75ef72_mv2.jpg/v1/fill/w_248,h_140,q_89/e9b1c8_ba015fbb25904b658aadb5574c75ef72_mv2.jpg]
[static.wixstatic.com/media/e9b1c8_e3a6a5b0bdb94b55bf8176c510af0e18_mv2.jpg/v1/fill/w_248,h_140,q_89/e9b1c8_e3a6a5b0bdb94b55bf8176c510af0e18_mv2.jpg]
[static.wixstatic.com/media/e9b1c8_8a106fcb98ab416c8514481cec349422_mv2.jpg/v1/fill/w_248,h_140,q_89/e9b1c8_8a106fcb98ab416c8514481cec349422_mv2.jpg]
[static.wixstatic.com/media/e9b1c8_21430d1b0bff4ecdaa13398528dd7184_mv2.jpg/v1/fill/w_248,h_140,q_89/e9b1c8_21430d1b0bff4ecdaa13398528dd7184_mv2.jpg]
[static.wixstatic.com/media/e9b1c8_5b147bf8e2204a68939b0be0bfb9b2fb_mv2.jpg/v1/fill/w_248,h_140,q_89/e9b1c8_5b147bf8e2204a68939b0be0bfb9b2fb_mv2.jpg]
[static.wixstatic.com/media/76017a_222c0453b5c349be95cc07261a56762e_mv2.png/v1/fill/w_248,h_140,q_89/76017a_222c0453b5c349be95cc07261a56762e_mv2.png]
[static.wixstatic.com/media/76017a_1c6b635145644217ad104347adc57b02_mv2.png/v1/fill/w_248,h_140,q_89/76017a_1c6b635145644217ad104347adc57b02_mv2.png]
[static.wixstatic.com/media/e9b1c8_b3d9025484bf411695e991a7355daf43_mv2.jpg/v1/fill/w_248,h_140,q_89/e9b1c8_b3d9025484bf411695e991a7355daf43_mv2.jpg]
[static.wixstatic.com/media/76017a_6e11b1d9c23944c886af9e81fec46dc3_mv2_d_2/v1/fill/w_81,h_121,al_c,q_80,usm_0.66_1.00_0.01,blur_2,/76017a_6e11b1d9c23944c886af9e81]
[static.wixstatic.com/media/76017a_f4ede234d9ab40658d56c68094b13483_mv2.jpg/v1/fill/w_82,h_55,al_c,q_80,usm_0.66_1.00_0.01,blur_2,e/76017a_f4ede234d9ab40658d56c680]
[www.thefightersclub.com.hk/jimmy-leung.html]
[www.thefightersclub.com.hk/manluk.html]
[static.wixstatic.com/media/76017a_410b84e82ce4437ab847ed9a0c890a00_mv2.jpg/v1/fill/w_81,h_121,al_c,q_80,usm_0.66_1.00_0.01,blur_2,/76017a_410b84e82ce4437ab847ed9a]
[www.thefightersclub.com.hk/kaho.html]
[static.wixstatic.com/media/76017a_08fa94496e734e10a805dcb553e93995_mv2.png/v1/fill/w_61,h_51,al_c,q_85,usm_0.66_1.00_0.01,blur_2,e/76017a_08fa94496e734e10a805dcb5]
[www.thefightersclub.com.hk/hang.html]
[static.wixstatic.com/media/76017a_4cf6b9a27b344081a1f1ae2235bd4b86_mv2.jpg/v1/fill/w_61,h_92,al_c,q_80,usm_0.66_1.00_0.01,blur_2,e/76017a_4cf6b9a27b344081a1f1ae22]
[static.wixstatic.com/media/76017a_bf4c4e399b5948f59fdc3719366a57f4_mv2.jpg/v1/fill/w_61,h_59,al_c,q_80,usm_0.66_1.00_0.01,blur_2,e/76017a_bf4c4e399b5948f59fdc3719]
[static.wixstatic.com/media/76017a_35fb9606fb434406874fde0fc7bb2525_mv2_d_1/v1/fill/w_61,h_99,al_c,q_80,usm_0.66_1.00_0.01,blur_2,e/76017a_35fb9606fb434406874fde0f]
[www.thefightersclub.com.hk/index.html]
[static.wixstatic.com/media/76017a_5a08f30790cd44389b26970ccbb68c60_mv2.jpg/v1/fill/w_61,h_41,al_c,q_80,usm_0.66_1.00_0.01,blur_2,e/76017a_5a08f30790cd44389b26970c]
[static.wixstatic.com/media/76017a_72ea2bc7334f4aadb5ed92696ab45a96_mv2.jpg/v1/fill/w_61,h_41,al_c,q_80,usm_0.66_1.00_0.01,blur_2,e/76017a_72ea2bc7334f4aadb5ed9269]
[static.wixstatic.com/media/76017a_0316027e35f54b3b94928a13c0a6b0b8_mv2.jpg/v1/fill/w_61,h_41,al_c,q_80,usm_0.66_1.00_0.01,blur_2,e/76017a_0316027e35f54b3b94928a13]
[static.wixstatic.com/media/76017a_f17005a7fcd64da5be609a0d2b2b3cb1_mv2.jpg/v1/fill/w_61,h_54,al_c,q_80,usm_0.66_1.00_0.01,blur_2,e/76017a_f17005a7fcd64da5be609a0d]
[static.wixstatic.com/media/76017a_518a1cc3bfad4752864fddd4e222d2b4_mv2.png/v1/fill/w_49,h_32,al_c,q_85,usm_0.66_1.00_0.01,blur_2,e/76017a_518a1cc3bfad4752864fddd4]
[www.thefightersclub.com.hk/decodeURIComponent(e.html]
[www.thefightersclub.com.hk/feed.html]
[www.thefightersclub.com.hk/f52e40aa.min.html]
[www.thefightersclub.com.hk/99a6a99f.min.html]
[www.thefightersclub.com.hk/4d761874.min.html]
[www.thefightersclub.com.hk/77753e29.min.html]
[www.thefightersclub.com.hk/7a36fe10.chunk.min.html]
[www.thefightersclub.com.hk/e3671379.chunk.min.html]
[www.thefightersclub.com.hk/rb_wixui.thunderbolt_bootstrap-classic.db545a77.chunk.min.html]
[www.thefightersclub.com.hk/rb_wixui.thunderbolt_bootstrap.8a86afda.chunk.min.html]
[www.thefightersclub.com.hk/rb_wixui.thunderbolt_bootstrap.7a36fe10.chunk.min.html]
[www.thefightersclub.com.hk/rb_wixui.thunderbolt_bootstrap-responsive.f3ca696f.chunk.min.html]
[www.thefightersclub.com.hk/rb_wixui.thunderbolt_bootstrap-responsive.e3671379.chunk.min.html]
[www.thefightersclub.com.hk/rb_wixui.thunderbolt_common-site-members-dialogs.384b0b57.chunk.min.html]
[www.thefightersclub.com.hk/rb_wixui.thunderbolt_common-site-members-dialogs.2059cbfd.chunk.min.html]
[static.parastorage.com/services/wix-thunderbolt/dist/bootstrap-features.9ca6e510.bundle.min.js]
[www.thefightersclub.com.hk/payment.html]
[static.parastorage.com/services/wix-thunderbolt/dist/main.cb675ae8.bundle.min.js]
[www.thefightersclub.com.hk/version/index.html]
[static.wixstatic.com/media/e9b1c8_f667360d024c473086421991148f2e92_mv2_d_6/v1/fill/w_50,h_33,al_c,q_80,usm_0.66_1.00_0.01,blur_3,e/e9b1c8_f667360d024c473086421991]
[www.thefightersclub.com.hk/bookings-checkout/free-trial-causeway-bay.html]
[static.wixstatic.com/media/76017a_2a424158bf5c4e6eaa06fee11502c578_mv2_d_5/v1/fill/w_50,h_33,al_c,q_80,usm_0.66_1.00_0.01,blur_3,e/76017a_2a424158bf5c4e6eaa06fee1]
[www.thefightersclub.com.hk/book-online.html]
[static.parastorage.com/services/pro-gallery-santa-wrapper/1.2776.0/staticCss.min.css]
[www.thefightersclub.com.hk/jimmy-leung.html]
[www.thefightersclub.com.hk/manluk.html]
[static.parastorage.com/services/pro-gallery-santa-wrapper/1.2776.0/media/emptystate.f4c750b6.svg]
[www.thefightersclub.com.hk/kaho.html]
[static.wixstatic.com/media/76017a_f0fb4cc1fd4b4440b1642261dc75c475_mv2.jpg/v1/fill/w_122,h_81,al_c,q_80,usm_0.66_1.00_0.01,blur_2,/76017a_f0fb4cc1fd4b4440b1642261]
[static.wixstatic.com/media/76017a_2727e627fab14d57bf2feb6487bd3dd6_mv2.jpg/v1/fill/w_122,h_82,al_c,q_80,usm_0.66_1.00_0.01,blur_2,/76017a_2727e627fab14d57bf2feb64]
[www.thefightersclub.com.hk/hang.html]
[static.wixstatic.com/media/76017a_265aaaf37e804a8898f64a2de29034ef_mv2_d_3/v1/fill/w_122,h_82,al_c,q_80,usm_0.66_1.00_0.01,blur_2,/76017a_265aaaf37e804a8898f64a2d]
[www.thefightersclub.com.hk/bookings-checkout/free-trial-wan-chai.html]
[static.wixstatic.com/media/76017a_8cd45b8130ad49b6b71055c6b60c3d7b_mv2_d_4/v1/fill/w_122,h_81,al_c,q_80,usm_0.66_1.00_0.01,blur_2,/76017a_8cd45b8130ad49b6b71055c6]
[www.thefightersclub.com.hk/37bd0eeb.min.css]
[www.thefightersclub.com.hk/payment.html]
[www.thefightersclub.com.hk/version/index.html]
[www.thefightersclub.com.hk/bookings-checkout/decodeURIComponent(e.html]
[www.thefightersclub.com.hk/bookings-checkout/sitemap.xml]
[www.thefightersclub.com.hk/bookings-checkout/robots.html]
[www.thefightersclub.com.hk/bookings-checkout/feed.xml]
[www.thefightersclub.com.hk/bookings-checkout/version/index.html]
[www.thefightersclub.com.hk/bookings-checkout/99a6a99f.min.html]
[www.thefightersclub.com.hk/bookings-checkout/7a36fe10.chunk.min.html]
[www.thefightersclub.com.hk/bookings-checkout/e3671379.chunk.min.html]
[www.thefightersclub.com.hk/bookings-checkout/rb_wixui.thunderbolt_bootstrap-classic.db545a77.chunk.min.html]
[www.thefightersclub.com.hk/bookings-checkout/rb_wixui.thunderbolt_bootstrap.8a86afda.chunk.min.html]
[www.thefightersclub.com.hk/bookings-checkout/rb_wixui.thunderbolt_bootstrap.7a36fe10.chunk.min.html]
[www.thefightersclub.com.hk/bookings-checkout/rb_wixui.thunderbolt_bootstrap-responsive.f3ca696f.chunk.min.html]
[www.thefightersclub.com.hk/bookings-checkout/free-trial-causeway-bay.html]
[www.thefightersclub.com.hk/bookings-checkout/free-trial-wan-chai.html]
[static.parastorage.com/services/pro-gallery-santa-wrapper/1.2776.0/media/emptystate.f4c750b6.svg]
[www.thefightersclub.com.hk/37bd0eeb.min.html]
[www.thefightersclub.com.hk/bookings-checkout/decodeURIComponent(e.html]
[www.thefightersclub.com.hk/bookings-checkout/robots.html]
[www.thefightersclub.com.hk/bookings-checkout/sitemap.html]
[www.thefightersclub.com.hk/bookings-checkout/feed.html]
[www.thefightersclub.com.hk/bookings-checkout/rb_wixui.thunderbolt_bootstrap-responsive.e3671379.chunk.min.html]
[www.thefightersclub.com.hk/bookings-checkout/version/decodeURIComponent(e.html]
[www.thefightersclub.com.hk/bookings-checkout/version/robots.html]
[www.thefightersclub.com.hk/bookings-checkout/version/sitemap.xml]
[www.thefightersclub.com.hk/bookings-checkout/version/feed.xml]
[www.thefightersclub.com.hk/bookings-checkout/version.html]
[www.thefightersclub.com.hk/bookings-checkout/version/99a6a99f.min.html]
[www.thefightersclub.com.hk/bookings-checkout/version/7a36fe10.chunk.min.html]
[www.thefightersclub.com.hk/bookings-checkout/version/e3671379.chunk.min.html]
[www.thefightersclub.com.hk/bookings-checkout/version/rb_wixui.thunderbolt_bootstrap-classic.db545a77.chunk.min.html]
[www.thefightersclub.com.hk/bookings-checkout/version/rb_wixui.thunderbolt_bootstrap.8a86afda.chunk.min.html]
[www.thefightersclub.com.hk/bookings-checkout/version/rb_wixui.thunderbolt_bootstrap.7a36fe10.chunk.min.html]
[www.thefightersclub.com.hk/bookings-checkout/version/rb_wixui.thunderbolt_bootstrap-responsive.f3ca696f.chunk.min.html]
[www.thefightersclub.com.hk/bookings-checkout/version/index.html]
[www.thefightersclub.com.hk/bookings-checkout/99a6a99f.min.html]
[www.thefightersclub.com.hk/bookings-checkout/7a36fe10.chunk.min.html]
[www.thefightersclub.com.hk/bookings-checkout/e3671379.chunk.min.html]
[www.thefightersclub.com.hk/bookings-checkout/rb_wixui.thunderbolt_bootstrap-classic.db545a77.chunk.min.html]
[www.thefightersclub.com.hk/bookings-checkout/rb_wixui.thunderbolt_bootstrap.8a86afda.chunk.min.html]
[www.thefightersclub.com.hk/bookings-checkout/rb_wixui.thunderbolt_bootstrap.7a36fe10.chunk.min.html]
[www.thefightersclub.com.hk/bookings-checkout/rb_wixui.thunderbolt_bootstrap-responsive.f3ca696f.chunk.min.html]
[www.thefightersclub.com.hk/bookings-checkout/rb_wixui.thunderbolt_bootstrap-responsive.e3671379.chunk.min.html]
[www.thefightersclub.com.hk/bookings-checkout/version/decodeURIComponent(e.html]
[www.thefightersclub.com.hk/bookings-checkout/version/robots.html]
[www.thefightersclub.com.hk/bookings-checkout/version/sitemap.html]
[www.thefightersclub.com.hk/bookings-checkout/version/feed.html]
[www.thefightersclub.com.hk/bookings-checkout/version.html]
[www.thefightersclub.com.hk/bookings-checkout/version/99a6a99f.min.html]
[www.thefightersclub.com.hk/bookings-checkout/version/7a36fe10.chunk.min.html]
[www.thefightersclub.com.hk/bookings-checkout/version/e3671379.chunk.min.html]
[www.thefightersclub.com.hk/bookings-checkout/version/rb_wixui.thunderbolt_bootstrap-classic.db545a77.chunk.min.html]
[www.thefightersclub.com.hk/bookings-checkout/version/rb_wixui.thunderbolt_bootstrap.8a86afda.chunk.min.html]
[www.thefightersclub.com.hk/bookings-checkout/version/rb_wixui.thunderbolt_bootstrap.7a36fe10.chunk.min.html]
[www.thefightersclub.com.hk/bookings-checkout/version/rb_wixui.thunderbolt_bootstrap-responsive.f3ca696f.chunk.min.html]
[www.thefightersclub.com.hk/bookings-checkout/version/version/index.html]
[www.thefightersclub.com.hk/bookings-checkout/version/rb_wixui.thunderbolt_bootstrap-responsive.e3671379.chunk.min.html]
[www.thefightersclub.com.hk/bookings-checkout/version/rb_wixui.thunderbolt_bootstrap-responsive.e3671379.chunk.min.html]
[www.thefightersclub.com.hk/bookings-checkout/version/version/decodeURIComponent(e.html]
[www.thefightersclub.com.hk/bookings-checkout/version/version/sitemap.xml]
[www.thefightersclub.com.hk/bookings-checkout/version/version/robots.html]
[www.thefightersclub.com.hk/bookings-checkout/version/version/feed.xml]
[www.thefightersclub.com.hk/bookings-checkout/version/version.html]
[www.thefightersclub.com.hk/bookings-checkout/version/version/version/index.html]
[www.thefightersclub.com.hk/bookings-checkout/version/version/99a6a99f.min.html]
[www.thefightersclub.com.hk/bookings-checkout/version/version/7a36fe10.chunk.min.html]
[www.thefightersclub.com.hk/bookings-checkout/version/version/e3671379.chunk.min.html]
[www.thefightersclub.com.hk/bookings-checkout/version/version/rb_wixui.thunderbolt_bootstrap-classic.db545a77.chunk.min.html]
[www.thefightersclub.com.hk/bookings-checkout/version/version/rb_wixui.thunderbolt_bootstrap.8a86afda.chunk.min.html]
[www.thefightersclub.com.hk/bookings-checkout/version/version/rb_wixui.thunderbolt_bootstrap.7a36fe10.chunk.min.html]
[www.thefightersclub.com.hk/bookings-checkout/version/version/rb_wixui.thunderbolt_bootstrap-responsive.f3ca696f.chunk.min.html]
[www.thefightersclub.com.hk/bookings-checkout/version/version/index.html]
[www.thefightersclub.com.hk/bookings-checkout/version/version/decodeURIComponent(e.html]
[www.thefightersclub.com.hk/bookings-checkout/version/version/robots.html]
[www.thefightersclub.com.hk/bookings-checkout/version/version/sitemap.html]
[www.thefightersclub.com.hk/bookings-checkout/version/version/feed.html]
[www.thefightersclub.com.hk/bookings-checkout/version/version/rb_wixui.thunderbolt_bootstrap-responsive.e3671379.chunk.min.html]
[www.thefightersclub.com.hk/bookings-checkout/version/version/version/decodeURIComponent(e.html]
[www.thefightersclub.com.hk/bookings-checkout/version/version/version/robots.html]
[www.thefightersclub.com.hk/bookings-checkout/version/version/version/sitemap.xml]
[www.thefightersclub.com.hk/bookings-checkout/version/version/version/feed.xml]
[www.thefightersclub.com.hk/bookings-checkout/version/version/version.html]
[www.thefightersclub.com.hk/bookings-checkout/version/version/version/version/index.html]
[www.thefightersclub.com.hk/bookings-checkout/version/version/version/99a6a99f.min.html]
[www.thefightersclub.com.hk/bookings-checkout/version/version/version/7a36fe10.chunk.min.html]
[www.thefightersclub.com.hk/bookings-checkout/version/version/version/e3671379.chunk.min.html]
[www.thefightersclub.com.hk/bookings-checkout/version/version/version/rb_wixui.thunderbolt_bootstrap-classic.db545a77.chunk.min.html]
[www.thefightersclub.com.hk/bookings-checkout/version/version/version/rb_wixui.thunderbolt_bootstrap.8a86afda.chunk.min.html]
[www.thefightersclub.com.hk/bookings-checkout/version/version/version/rb_wixui.thunderbolt_bootstrap.7a36fe10.chunk.min.html]
[www.thefightersclub.com.hk/bookings-checkout/version/version/version/rb_wixui.thunderbolt_bootstrap-responsive.f3ca696f.chunk.min.html]
[www.thefightersclub.com.hk/bookings-checkout/version/version/version/index.html]
[www.thefightersclub.com.hk/bookings-checkout/version/version.html]
[www.thefightersclub.com.hk/bookings-checkout/version/version/99a6a99f.min.html]
[www.thefightersclub.com.hk/bookings-checkout/version/version/7a36fe10.chunk.min.html]
[www.thefightersclub.com.hk/bookings-checkout/version/version/e3671379.chunk.min.html]
[www.thefightersclub.com.hk/bookings-checkout/version/version/rb_wixui.thunderbolt_bootstrap-classic.db545a77.chunk.min.html]
[www.thefightersclub.com.hk/bookings-checkout/version/version/rb_wixui.thunderbolt_bootstrap.8a86afda.chunk.min.html]
[www.thefightersclub.com.hk/bookings-checkout/version/version/rb_wixui.thunderbolt_bootstrap.7a36fe10.chunk.min.html]
[www.thefightersclub.com.hk/bookings-checkout/version/version/rb_wixui.thunderbolt_bootstrap-responsive.f3ca696f.chunk.min.html]
[www.thefightersclub.com.hk/bookings-checkout/version/version/rb_wixui.thunderbolt_bootstrap-responsive.e3671379.chunk.min.html]
[www.thefightersclub.com.hk/bookings-checkout/version/version/version/decodeURIComponent(e.html]
[www.thefightersclub.com.hk/bookings-checkout/version/version/version/robots.html]
[www.thefightersclub.com.hk/bookings-checkout/version/version/version/sitemap.html]
[www.thefightersclub.com.hk/bookings-checkout/version/version/version/feed.html]
[www.thefightersclub.com.hk/bookings-checkout/version/version/version/rb_wixui.thunderbolt_bootstrap-responsive.e3671379.chunk.min.html]
[www.thefightersclub.com.hk/bookings-checkout/version/version/version/version/decodeURIComponent(e.html]
[www.thefightersclub.com.hk/bookings-checkout/version/version/version/version/robots.html]
[www.thefightersclub.com.hk/bookings-checkout/version/version/version/version/sitemap.xml]
[www.thefightersclub.com.hk/bookings-checkout/version/version/version/version/feed.xml]
[www.thefightersclub.com.hk/bookings-checkout/version/version/version/version.html]
[www.thefightersclub.com.hk/bookings-checkout/version/version/version/version/99a6a99f.min.html]
[www.thefightersclub.com.hk/bookings-checkout/version/version/version/version/7a36fe10.chunk.min.html]
[www.thefightersclub.com.hk/bookings-checkout/version/version/version/version/e3671379.chunk.min.html]
[www.thefightersclub.com.hk/bookings-checkout/version/version/version/version/rb_wixui.thunderbolt_bootstrap-classic.db545a77.chunk.min.html]
[www.thefightersclub.com.hk/bookings-checkout/version/version/version/version/rb_wixui.thunderbolt_bootstrap.8a86afda.chunk.min.html]
[www.thefightersclub.com.hk/bookings-checkout/version/version/version/version/rb_wixui.thunderbolt_bootstrap.7a36fe10.chunk.min.html]
[www.thefightersclub.com.hk/bookings-checkout/version/version/version/version/rb_wixui.thunderbolt_bootstrap-responsive.f3ca696f.chunk.min.html]
[www.thefightersclub.com.hk/bookings-checkout/version/version/version/version/index.html]
[www.thefightersclub.com.hk/bookings-checkout/version/version/version.html]
[www.thefightersclub.com.hk/bookings-checkout/version/version/version/99a6a99f.min.html]
[www.thefightersclub.com.hk/bookings-checkout/version/version/version/7a36fe10.chunk.min.html]
[www.thefightersclub.com.hk/bookings-checkout/version/version/version/e3671379.chunk.min.html]
[www.thefightersclub.com.hk/bookings-checkout/version/version/version/rb_wixui.thunderbolt_bootstrap-classic.db545a77.chunk.min.html]
[www.thefightersclub.com.hk/bookings-checkout/version/version/version/rb_wixui.thunderbolt_bootstrap.8a86afda.chunk.min.html]
[www.thefightersclub.com.hk/bookings-checkout/version/version/version/rb_wixui.thunderbolt_bootstrap.7a36fe10.chunk.min.html]
[www.thefightersclub.com.hk/bookings-checkout/version/version/version/rb_wixui.thunderbolt_bootstrap-responsive.f3ca696f.chunk.min.html]
[www.thefightersclub.com.hk/bookings-checkout/version/version/version/rb_wixui.thunderbolt_bootstrap-responsive.e3671379.chunk.min.html]
[www.thefightersclub.com.hk/bookings-checkout/version/version/version/version/decodeURIComponent(e.html]
[www.thefightersclub.com.hk/bookings-checkout/version/version/version/version/robots.html]
[www.thefightersclub.com.hk/bookings-checkout/version/version/version/version/sitemap.html]
[www.thefightersclub.com.hk/bookings-checkout/version/version/version/version/feed.html]
[www.thefightersclub.com.hk/bookings-checkout/version/version/version/version.html]
[www.thefightersclub.com.hk/bookings-checkout/version/version/version/version/99a6a99f.min.html]
[www.thefightersclub.com.hk/bookings-checkout/version/version/version/version/7a36fe10.chunk.min.html]
[www.thefightersclub.com.hk/bookings-checkout/version/version/version/version/e3671379.chunk.min.html]
[www.thefightersclub.com.hk/bookings-checkout/version/version/version/version/rb_wixui.thunderbolt_bootstrap-classic.db545a77.chunk.min.html]
[www.thefightersclub.com.hk/bookings-checkout/version/version/version/version/rb_wixui.thunderbolt_bootstrap.8a86afda.chunk.min.html]
[www.thefightersclub.com.hk/bookings-checkout/version/version/version/version/rb_wixui.thunderbolt_bootstrap.7a36fe10.chunk.min.html]
[www.thefightersclub.com.hk/bookings-checkout/version/version/version/version/rb_wixui.thunderbolt_bootstrap-responsive.f3ca696f.chunk.min.html]
[www.thefightersclub.com.hk/bookings-checkout/version/version/version/version/version/index.html]
[www.thefightersclub.com.hk/bookings-checkout/version/version/version/version/rb_wixui.thunderbolt_bootstrap-responsive.e3671379.chunk.min.html]
[www.thefightersclub.com.hk/bookings-checkout/version/version/version/version/rb_wixui.thunderbolt_bootstrap-responsive.e3671379.chunk.min.html]
[www.thefightersclub.com.hk/bookings-checkout/version/version/version/version/version/decodeURIComponent(e.html]
[www.thefightersclub.com.hk/bookings-checkout/version/version/version/version/version/robots.html]
[www.thefightersclub.com.hk/bookings-checkout/version/version/version/version/version/sitemap.xml]
[www.thefightersclub.com.hk/bookings-checkout/version/version/version/version/version/feed.xml]
[www.thefightersclub.com.hk/bookings-checkout/version/version/version/version/version/version/index.html]
[www.thefightersclub.com.hk/bookings-checkout/version/version/version/version/version.html]
[www.thefightersclub.com.hk/bookings-checkout/version/version/version/version/version/99a6a99f.min.html]
[www.thefightersclub.com.hk/bookings-checkout/version/version/version/version/version/7a36fe10.chunk.min.html]
[www.thefightersclub.com.hk/bookings-checkout/version/version/version/version/version/e3671379.chunk.min.html]
[www.thefightersclub.com.hk/bookings-checkout/version/version/version/version/version/rb_wixui.thunderbolt_bootstrap-classic.db545a77.chunk.min.html]
[www.thefightersclub.com.hk/bookings-checkout/version/version/version/version/version/rb_wixui.thunderbolt_bootstrap.8a86afda.chunk.min.html]
[www.thefightersclub.com.hk/bookings-checkout/version/version/version/version/version/rb_wixui.thunderbolt_bootstrap.7a36fe10.chunk.min.html]
[www.thefightersclub.com.hk/bookings-checkout/version/version/version/version/version/rb_wixui.thunderbolt_bootstrap-responsive.f3ca696f.chunk.min.html]
[www.thefightersclub.com.hk/bookings-checkout/version/version/version/version/version/index.html]
[www.thefightersclub.com.hk/bookings-checkout/version/version/version/version/version/decodeURIComponent(e.html]
[www.thefightersclub.com.hk/bookings-checkout/version/version/version/version/version/robots.html]
[www.thefightersclub.com.hk/bookings-checkout/version/version/version/version/version/sitemap.html]
[www.thefightersclub.com.hk/bookings-checkout/version/version/version/version/version/feed.html]
[www.thefightersclub.com.hk/bookings-checkout/version/version/version/version/version/rb_wixui.thunderbolt_bootstrap-responsive.e3671379.chunk.min.html]
[www.thefightersclub.com.hk/bookings-checkout/version/version/version/version/version/version/decodeURIComponent(e.html]
[www.thefightersclub.com.hk/bookings-checkout/version/version/version/version/version/version/robots.html]
[www.thefightersclub.com.hk/bookings-checkout/version/version/version/version/version/version/sitemap.xml]
[www.thefightersclub.com.hk/bookings-checkout/version/version/version/version/version/version/feed.xml]
[www.thefightersclub.com.hk/bookings-checkout/version/version/version/version/version/version/version/index.html]
[www.thefightersclub.com.hk/bookings-checkout/version/version/version/version/version/version.html]
[www.thefightersclub.com.hk/bookings-checkout/version/version/version/version/version/version/99a6a99f.min.html]
[www.thefightersclub.com.hk/bookings-checkout/version/version/version/version/version/version/7a36fe10.chunk.min.html]
[www.thefightersclub.com.hk/bookings-checkout/version/version/version/version/version/version/e3671379.chunk.min.html]
[www.thefightersclub.com.hk/bookings-checkout/version/version/version/version/version/version/rb_wixui.thunderbolt_bootstrap-classic.db545a77.chunk.min.html]
[www.thefightersclub.com.hk/bookings-checkout/version/version/version/version/version/version/rb_wixui.thunderbolt_bootstrap.8a86afda.chunk.min.html]
[www.thefightersclub.com.hk/bookings-checkout/version/version/version/version/version/version/index.html]
[www.thefightersclub.com.hk/bookings-checkout/version/version/version/version/version.html]
[www.thefightersclub.com.hk/bookings-checkout/version/version/version/version/version/99a6a99f.min.html]
[www.thefightersclub.com.hk/bookings-checkout/version/version/version/version/version/7a36fe10.chunk.min.html]
[www.thefightersclub.com.hk/bookings-checkout/version/version/version/version/version/e3671379.chunk.min.html]
[www.thefightersclub.com.hk/bookings-checkout/version/version/version/version/version/rb_wixui.thunderbolt_bootstrap-classic.db545a77.chunk.min.html]
[www.thefightersclub.com.hk/bookings-checkout/version/version/version/version/version/rb_wixui.thunderbolt_bootstrap.8a86afda.chunk.min.html]
[www.thefightersclub.com.hk/bookings-checkout/version/version/version/version/version/rb_wixui.thunderbolt_bootstrap.7a36fe10.chunk.min.html]
[www.thefightersclub.com.hk/bookings-checkout/version/version/version/version/version/rb_wixui.thunderbolt_bootstrap-responsive.f3ca696f.chunk.min.html]
[www.thefightersclub.com.hk/bookings-checkout/version/version/version/version/version/rb_wixui.thunderbolt_bootstrap-responsive.e3671379.chunk.min.html]
[www.thefightersclub.com.hk/bookings-checkout/version/version/version/version/version/version/decodeURIComponent(e.html]
[www.thefightersclub.com.hk/bookings-checkout/version/version/version/version/version/version/robots.html]
[www.thefightersclub.com.hk/bookings-checkout/version/version/version/version/version/version/sitemap.html]
[www.thefightersclub.com.hk/bookings-checkout/version/version/version/version/version/version/feed.html]
[www.thefightersclub.com.hk/bookings-checkout/version/version/version/version/version/version/rb_wixui.thunderbolt_bootstrap-responsive.e3671379.chunk.min.b7.delay]
[www.thefightersclub.com.hk/bookings-checkout/version/version/version/version/version/version/rb_wixui.thunderbolt_bootstrap-responsive.f3ca696f.chunk.min.b6.delay]
[www.thefightersclub.com.hk/bookings-checkout/version/version/version/version/version/version/rb_wixui.thunderbolt_bootstrap.7a36fe10.chunk.min.html]
[www.thefightersclub.com.hk/bookings-checkout/version/version/version/version/version/version/version/decodeURIComponent(e.html]
[www.thefightersclub.com.hk/bookings-checkout/version/version/version/version/version/version/version/robots.html]
[www.thefightersclub.com.hk/bookings-checkout/version/version/version/version/version/version/version/sitemap.xml]
[www.thefightersclub.com.hk/bookings-checkout/version/version/version/version/version/version/version/feed.xml]
[www.thefightersclub.com.hk/bookings-checkout/version/version/version/version/version/version/version.html]
[www.thefightersclub.com.hk/bookings-checkout/version/version/version/version/version/version/version/version/index.html]
[www.thefightersclub.com.hk/bookings-checkout/version/version/version/version/version/version/version/99a6a99f.min.html]
[www.thefightersclub.com.hk/bookings-checkout/version/version/version/version/version/version/version/7a36fe10.chunk.min.html]
[www.thefightersclub.com.hk/bookings-checkout/version/version/version/version/version/version/version/e3671379.chunk.min.html]
[www.thefightersclub.com.hk/bookings-checkout/version/version/version/version/version/version/version/rb_wixui.thunderbolt_bootstrap-classic.db545a77.chunk.min.c0]
[www.thefightersclub.com.hk/bookings-checkout/version/version/version/version/version/version/version/rb_wixui.thunderbolt_bootstrap.8a86afda.chunk.min.html]
[www.thefightersclub.com.hk/bookings-checkout/version/version/version/version/version/version/version/index.html]
[www.thefightersclub.com.hk/bookings-checkout/version/version/version/version/version/version.html]
[www.thefightersclub.com.hk/bookings-checkout/version/version/version/version/version/version/99a6a99f.min.html]
[www.thefightersclub.com.hk/bookings-checkout/version/version/version/version/version/version/7a36fe10.chunk.min.html]
[www.thefightersclub.com.hk/bookings-checkout/version/version/version/version/version/version/e3671379.chunk.min.html]
[www.thefightersclub.com.hk/bookings-checkout/version/version/version/version/version/version/rb_wixui.thunderbolt_bootstrap-classic.db545a77.chunk.min.html]
[www.thefightersclub.com.hk/bookings-checkout/version/version/version/version/version/version/rb_wixui.thunderbolt_bootstrap.8a86afda.chunk.min.html]
[www.thefightersclub.com.hk/bookings-checkout/version/version/version/version/version/version/rb_wixui.thunderbolt_bootstrap.7a36fe10.chunk.min.html]
[www.thefightersclub.com.hk/bookings-checkout/version/version/version/version/version/version/rb_wixui.thunderbolt_bootstrap-responsive.f3ca696f.chunk.min.b6.delay]
[www.thefightersclub.com.hk/bookings-checkout/version/version/version/version/version/version/rb_wixui.thunderbolt_bootstrap-responsive.e3671379.chunk.min.b7.delay]
[www.thefightersclub.com.hk/bookings-checkout/version/version/version/version/version/version/version/decodeURIComponent(e.html]
[www.thefightersclub.com.hk/bookings-checkout/version/version/version/version/version/version/version/robots.html]
[www.thefightersclub.com.hk/bookings-checkout/version/version/version/version/version/version/version/sitemap.html]
[www.thefightersclub.com.hk/bookings-checkout/version/version/version/version/version/version/version/feed.html]
[www.thefightersclub.com.hk/bookings-checkout/version/version/version/version/version/version/version/rb_wixui.thunderbolt_bootstrap-responsive.f3ca696f.chunk.min]
[www.thefightersclub.com.hk/bookings-checkout/version/version/version/version/version/version/version/rb_wixui.thunderbolt_bootstrap.7a36fe10.chunk.min.html]
[www.thefightersclub.com.hk/bookings-checkout/version/version/version/version/version/version/version/rb_wixui.thunderbolt_bootstrap-responsive.e3671379.chunk.min]
[www.thefightersclub.com.hk/bookings-checkout/version/version/version/version/version/version/version/version/decodeURIComponent(e.html]
[www.thefightersclub.com.hk/bookings-checkout/version/version/version/version/version/version/version/version/sitemap.xml]
[www.thefightersclub.com.hk/bookings-checkout/version/version/version/version/version/version/version/version/robots.html]
[www.thefightersclub.com.hk/bookings-checkout/version/version/version/version/version/version/version/version/feed.xml]
[www.thefightersclub.com.hk/bookings-checkout/version/version/version/version/version/version/version/version.html]
[www.thefightersclub.com.hk/bookings-checkout/version/version/version/version/version/version/version/version/version/index.html]
[www.thefightersclub.com.hk/bookings-checkout/version/version/version/version/version/version/version/version/99a6a99f.min.html]
[www.thefightersclub.com.hk/bookings-checkout/version/version/version/version/version/version/version/version/7a36fe10.chunk.min.html]
[www.thefightersclub.com.hk/bookings-checkout/version/version/version/version/version/version/version/version/index.html]
[www.thefightersclub.com.hk/bookings-checkout/version/version/version/version/version/version/version/version/e3671379.chunk.min.html]
[www.thefightersclub.com.hk/bookings-checkout/version/version/version/version/version/version/version/version/rb_wixui.thunderbolt_bootstrap.7a36fe10.chunk.min.cf]
[www.thefightersclub.com.hk/bookings-checkout/version/version/version/version/version/version/version.html]
[www.thefightersclub.com.hk/bookings-checkout/version/version/version/version/version/version/version/version/rb_wixui.thunderbolt_bootstrap.8a86afda.chunk.min.ce]
[www.thefightersclub.com.hk/bookings-checkout/version/version/version/version/version/version/version/99a6a99f.min.html]
[www.thefightersclub.com.hk/bookings-checkout/version/version/version/version/version/version/version/7a36fe10.chunk.min.html]
[www.thefightersclub.com.hk/bookings-checkout/version/version/version/version/version/version/version/e3671379.chunk.min.html]
[www.thefightersclub.com.hk/bookings-checkout/version/version/version/version/version/version/version/rb_wixui.thunderbolt_bootstrap-classic.db545a77.chunk.min.c0]
[www.thefightersclub.com.hk/bookings-checkout/version/version/version/version/version/version/version/rb_wixui.thunderbolt_bootstrap.8a86afda.chunk.min.html]
[www.thefightersclub.com.hk/bookings-checkout/version/version/version/version/version/version/version/rb_wixui.thunderbolt_bootstrap.7a36fe10.chunk.min.html]
[www.thefightersclub.com.hk/bookings-checkout/version/version/version/version/version/version/version/rb_wixui.thunderbolt_bootstrap-responsive.f3ca696f.chunk.min]
[www.thefightersclub.com.hk/bookings-checkout/version/version/version/version/version/version/version/rb_wixui.thunderbolt_bootstrap-responsive.e3671379.chunk.min]
[www.thefightersclub.com.hk/bookings-checkout/version/version/version/version/version/version/version/version/decodeURIComponent(e.html]
[www.thefightersclub.com.hk/bookings-checkout/version/version/version/version/version/version/version/version/robots.html]
[www.thefightersclub.com.hk/bookings-checkout/version/version/version/version/version/version/version/version/sitemap.html]
[www.thefightersclub.com.hk/bookings-checkout/version/version/version/version/version/version/version/version/feed.html]
[www.thefightersclub.com.hk/bookings-checkout/version/version/version/version/version/version/version/version/rb_wixui.thunderbolt_bootstrap-classic.db545a77.chunk]
[www.thefightersclub.com.hk/bookings-checkout/version/version/version/version/version/version/version/version/rb_wixui.thunderbolt_bootstrap-responsive.f3ca696f.ch]
[www.thefightersclub.com.hk/bookings-checkout/version/version/version/version/version/version/version/version/rb_wixui.thunderbolt_bootstrap-responsive.e3671379.ch]
[www.thefightersclub.com.hk/bookings-checkout/version/version/version/version/version/version/version/version/version/decodeURIComponent(e.html]
[www.thefightersclub.com.hk/bookings-checkout/version/version/version/version/version/version/version/version/version/sitemap.xml]
[www.thefightersclub.com.hk/bookings-checkout/version/version/version/version/version/version/version/version/version/robots.html]
[www.thefightersclub.com.hk/bookings-checkout/version/version/version/version/version/version/version/version/version/feed.xml]
[www.thefightersclub.com.hk/bookings-checkout/version/version/version/version/version/version/version/version/version.html]
[www.thefightersclub.com.hk/bookings-checkout/version/version/version/version/version/version/version/version/version/version/index.html]
[www.thefightersclub.com.hk/bookings-checkout/version/version/version/version/version/version/version/version/version/99a6a99f.min.html]
[www.thefightersclub.com.hk/bookings-checkout/version/version/version/version/version/version/version/version/version/7a36fe10.chunk.min.html]
[www.thefightersclub.com.hk/bookings-checkout/version/version/version/version/version/version/version/version/version/index.html]
[www.thefightersclub.com.hk/bookings-checkout/version/version/version/version/version/version/version/version/version/e3671379.chunk.min.html]
[www.thefightersclub.com.hk/bookings-checkout/version/version/version/version/version/version/version/version.html]
[www.thefightersclub.com.hk/bookings-checkout/version/version/version/version/version/version/version/version/version/rb_wixui.thunderbolt_bootstrap.7a36fe10.chunk]
[www.thefightersclub.com.hk/bookings-checkout/version/version/version/version/version/version/version/version/version/rb_wixui.thunderbolt_bootstrap-classic.db545a]
[www.thefightersclub.com.hk/bookings-checkout/version/version/version/version/version/version/version/version/99a6a99f.min.html]
[www.thefightersclub.com.hk/bookings-checkout/version/version/version/version/version/version/version/version/version/rb_wixui.thunderbolt_bootstrap.8a86afda.chunk]
[www.thefightersclub.com.hk/bookings-checkout/version/version/version/version/version/version/version/version/7a36fe10.chunk.min.html]
[www.thefightersclub.com.hk/bookings-checkout/version/version/version/version/version/version/version/version/e3671379.chunk.min.html]
[www.thefightersclub.com.hk/bookings-checkout/version/version/version/version/version/version/version/version/rb_wixui.thunderbolt_bootstrap-classic.db545a77.chunk]
[www.thefightersclub.com.hk/bookings-checkout/version/version/version/version/version/version/version/version/rb_wixui.thunderbolt_bootstrap.8a86afda.chunk.min.ce]
[www.thefightersclub.com.hk/bookings-checkout/version/version/version/version/version/version/version/version/rb_wixui.thunderbolt_bootstrap.7a36fe10.chunk.min.cf]
[www.thefightersclub.com.hk/bookings-checkout/version/version/version/version/version/version/version/version/rb_wixui.thunderbolt_bootstrap-responsive.f3ca696f.ch]
[www.thefightersclub.com.hk/bookings-checkout/version/version/version/version/version/version/version/version/rb_wixui.thunderbolt_bootstrap-responsive.e3671379.ch]
[www.thefightersclub.com.hk/bookings-checkout/version/version/version/version/version/version/version/version/version/decodeURIComponent(e.html]
[www.thefightersclub.com.hk/bookings-checkout/version/version/version/version/version/version/version/version/version/robots.html]
[www.thefightersclub.com.hk/bookings-checkout/version/version/version/version/version/version/version/version/version/sitemap.html]
[www.thefightersclub.com.hk/bookings-checkout/version/version/version/version/version/version/version/version/version/feed.html]
[www.thefightersclub.com.hk/bookings-checkout/version/version/version/version/version/version/version/version/version/rb_wixui.thunderbolt_bootstrap-responsive.f3c]
[www.thefightersclub.com.hk/bookings-checkout/version/version/version/version/version/version/version/version/version/rb_wixui.thunderbolt_bootstrap-responsive.e36]
[www.thefightersclub.com.hk/bookings-checkout/version/version/version/version/version/version/version/version/version/version/decodeURIComponent(e.html]
[www.thefightersclub.com.hk/bookings-checkout/version/version/version/version/version/version/version/version/version/version/sitemap.xml]
[www.thefightersclub.com.hk/bookings-checkout/version/version/version/version/version/version/version/version/version/version/robots.html]
[www.thefightersclub.com.hk/bookings-checkout/version/version/version/version/version/version/version/version/version/version/feed.xml]
[www.thefightersclub.com.hk/bookings-checkout/version/version/version/version/version/version/version/version/version/version/version/index.html]
[www.thefightersclub.com.hk/bookings-checkout/version/version/version/version/version/version/version/version/version/version.html]
[www.thefightersclub.com.hk/bookings-checkout/version/version/version/version/version/version/version/version/version/version/99a6a99f.min.html]
[www.thefightersclub.com.hk/bookings-checkout/version/version/version/version/version/version/version/version/version/version/7a36fe10.chunk.min.html]
[www.thefightersclub.com.hk/bookings-checkout/version/version/version/version/version/version/version/version/version/version/index.html]
[www.thefightersclub.com.hk/bookings-checkout/version/version/version/version/version/version/version/version/version/version/e3671379.chunk.min.html]
[www.thefightersclub.com.hk/bookings-checkout/version/version/version/version/version/version/version/version/version/version/rb_wixui.thunderbolt_bootstrap.8a86af]
[www.thefightersclub.com.hk/bookings-checkout/version/version/version/version/version/version/version/version/version.html]
[www.thefightersclub.com.hk/bookings-checkout/version/version/version/version/version/version/version/version/version/version/rb_wixui.thunderbolt_bootstrap-classi]
[www.thefightersclub.com.hk/bookings-checkout/version/version/version/version/version/version/version/version/version/version/rb_wixui.thunderbolt_bootstrap.7a36fe]
[www.thefightersclub.com.hk/bookings-checkout/version/version/version/version/version/version/version/version/version/99a6a99f.min.html]
[www.thefightersclub.com.hk/bookings-checkout/version/version/version/version/version/version/version/version/version/7a36fe10.chunk.min.html]
[www.thefightersclub.com.hk/bookings-checkout/version/version/version/version/version/version/version/version/version/e3671379.chunk.min.html]
[www.thefightersclub.com.hk/bookings-checkout/version/version/version/version/version/version/version/version/version/rb_wixui.thunderbolt_bootstrap-classic.db545a]
[www.thefightersclub.com.hk/bookings-checkout/version/version/version/version/version/version/version/version/version/rb_wixui.thunderbolt_bootstrap.8a86afda.chunk]
[www.thefightersclub.com.hk/bookings-checkout/version/version/version/version/version/version/version/version/version/rb_wixui.thunderbolt_bootstrap.7a36fe10.chunk]
[www.thefightersclub.com.hk/bookings-checkout/version/version/version/version/version/version/version/version/version/rb_wixui.thunderbolt_bootstrap-responsive.f3c]
[www.thefightersclub.com.hk/bookings-checkout/version/version/version/version/version/version/version/version/version/rb_wixui.thunderbolt_bootstrap-responsive.e36]
[www.thefightersclub.com.hk/bookings-checkout/version/version/version/version/version/version/version/version/version/version/decodeURIComponent(e.html]
[www.thefightersclub.com.hk/bookings-checkout/version/version/version/version/version/version/version/version/version/version/robots.html]
[www.thefightersclub.com.hk/bookings-checkout/version/version/version/version/version/version/version/version/version/version/sitemap.html]
[www.thefightersclub.com.hk/bookings-checkout/version/version/version/version/version/version/version/version/version/version/feed.html]
[www.thefightersclub.com.hk/bookings-checkout/version/version/version/version/version/version/version/version/version/version/rb_wixui.thunderbolt_bootstrap-respon]
[www.thefightersclub.com.hk/bookings-checkout/version/version/version/version/version/version/version/version/version/version/rb_wixui-2.thunderbolt_bootstrap-respon]
[www.thefightersclub.com.hk/bookings-checkout/version/version/version/version/version/version/version/version/version/version/version/robots.html]
[www.thefightersclub.com.hk/bookings-checkout/version/version/version/version/version/version/version/version/version/version/version/sitemap.ee.delayed]
[www.thefightersclub.com.hk/bookings-checkout/version/version/version/version/version/version/version/version/version/version/version/decodeURIComponent(e.ec.delay]
[www.thefightersclub.com.hk/bookings-checkout/version/version/version/version/version/version/version/version/version/version/version/feed.xml]
[www.thefightersclub.com.hk/bookings-checkout/version/version/version/version/version/version/version/version/version/version/version.html]
[www.thefightersclub.com.hk/bookings-checkout/version/version/version/version/version/version/version/version/version/version/version/version/index.html]
[www.thefightersclub.com.hk/bookings-checkout/version/version/version/version/version/version/version/version/version/version/version/99a6a99f.min.html]
[www.thefightersclub.com.hk/bookings-checkout/version/version/version/version/version/version/version/version/version/version/version/7a36fe10.chunk.min.html]
[www.thefightersclub.com.hk/bookings-checkout/version/version/version/version/version/version/version/version/version/version/version/index.html]
[www.thefightersclub.com.hk/bookings-checkout/version/version/version/version/version/version/version/version/version/version/version/rb_wixui.thunderbolt_bootstra]
[www.thefightersclub.com.hk/bookings-checkout/version/version/version/version/version/version/version/version/version/version.html]
[www.thefightersclub.com.hk/bookings-checkout/version/version/version/version/version/version/version/version/version/version/version/rb_wixui-3.thunderbolt_bootstra]
[www.thefightersclub.com.hk/bookings-checkout/version/version/version/version/version/version/version/version/version/version/version/e3671379.chunk.min.html]
[www.thefightersclub.com.hk/bookings-checkout/version/version/version/version/version/version/version/version/version/version/99a6a99f.min.html]
[www.thefightersclub.com.hk/bookings-checkout/version/version/version/version/version/version/version/version/version/version/7a36fe10.chunk.min.html]
[www.thefightersclub.com.hk/bookings-checkout/version/version/version/version/version/version/version/version/version/version/e3671379.chunk.min.html]
[www.thefightersclub.com.hk/bookings-checkout/version/version/version/version/version/version/version/version/version/version/rb_wixui.thunderbolt_bootstrap-classi]
[www.thefightersclub.com.hk/bookings-checkout/version/version/version/version/version/version/version/version/version/version/rb_wixui.thunderbolt_bootstrap.8a86af]
[www.thefightersclub.com.hk/bookings-checkout/version/version/version/version/version/version/version/version/version/version/rb_wixui.thunderbolt_bootstrap.7a36fe]
[www.thefightersclub.com.hk/bookings-checkout/version/version/version/version/version/version/version/version/version/version/rb_wixui.thunderbolt_bootstrap-respon]
[www.thefightersclub.com.hk/bookings-checkout/version/version/version/version/version/version/version/version/version/version/version/rb_wixui-2.thunderbolt_bootstra]
[www.thefightersclub.com.hk/bookings-checkout/version/version/version/version/version/version/version/version/version/version/rb_wixui-2.thunderbolt_bootstrap-respon]
[www.thefightersclub.com.hk/bookings-checkout/version/version/version/version/version/version/version/version/version/version/version/decodeURIComponent(e.ec.delay]
[www.thefightersclub.com.hk/bookings-checkout/version/version/version/version/version/version/version/version/version/version/version/robots.html]
[www.thefightersclub.com.hk/bookings-checkout/version/version/version/version/version/version/version/version/version/version/version/sitemap.html]
[www.thefightersclub.com.hk/bookings-checkout/version/version/version/version/version/version/version/version/version/version/version/feed.html]
[www.thefightersclub.com.hk/bookings-checkout/version/version/version/version/version/version/version/version/version/version/version/rb_wixui-5.thunderbolt_bootstra]
[www.thefightersclub.com.hk/bookings-checkout/version/version/version/version/version/version/version/version/version/version/version/rb_wixui-4.thunderbolt_bootstra]
[www.thefightersclub.com.hk/bookings-checkout/version/version/version/version/version/version/version/version/version/version/version/versi/decodeURIComponent(e.f9]
[www.thefightersclub.com.hk/bookings-checkout/version/version/version/version/version/version/version/version/version/version/version/version/robots.html]
[www.thefightersclub.com.hk/bookings-checkout/version/version/version/version/version/version/version/version/version/version/version/version/sitemap.fb.delayed]
[www.thefightersclub.com.hk/bookings-checkout/version/version/version/version/version/version/version/version/version/version/version/version/feed.xml]
[www.thefightersclub.com.hk/bookings-checkout/version/version/version/version/version/version/version/version/version/version/version/version/index.html]
[www.thefightersclub.com.hk/bookings-checkout/version/version/version/version/version/version/version/version/version/version/version/version/version/index.html]
[www.thefightersclub.com.hk/bookings-checkout/version/version/version/version/version/version/version/version/version/version/version/versio/99a6a99f.min.fe.delaye]
[www.thefightersclub.com.hk/bookings-checkout/version/version/version/version/version/version/version/version/version/version/version.html]
[www.thefightersclub.com.hk/bookings-checkout/version/version/version/version/version/version/version/version/version/version/version/version.html]
[www.thefightersclub.com.hk/bookings-checkout/version/version/version/version/version/version/version/version/version/version/version/versi/7a36fe10.chunk.min.ff.d]
[www.thefightersclub.com.hk/bookings-checkout/version/version/version/version/version/version/version/version/version/version/version/99a6a99f.min.html]
[www.thefightersclub.com.hk/bookings-checkout/version/version/version/version/version/version/version/version/version/version/version/versi/e3671379.chunk.min.100]
[www.thefightersclub.com.hk/bookings-checkout/version/version/version/version/version/version/version/version/version/version/version/versi/rb_wixui.thunderbolt_bo]
[www.thefightersclub.com.hk/bookings-checkout/version/version/version/version/version/version/version/version/version/version/version/7a36fe10.chunk.min.html]
[www.thefightersclub.com.hk/bookings-checkout/version/version/version/version/version/version/version/version/version/version/version/versi/rb_wixui-2.thunderbolt_bo]
[www.thefightersclub.com.hk/bookings-checkout/version/version/version/version/version/version/version/version/version/version/version/e3671379.chunk.min.html]
[www.thefightersclub.com.hk/bookings-checkout/version/version/version/version/version/version/version/version/version/version/version/rb_wixui.thunderbolt_bootstra]
[www.thefightersclub.com.hk/bookings-checkout/version/version/version/version/version/version/version/version/version/version/version/rb_wixui-2.thunderbolt_bootstra]
[www.thefightersclub.com.hk/bookings-checkout/version/version/version/version/version/version/version/version/version/version/version/rb_wixui-3.thunderbolt_bootstra]
[www.thefightersclub.com.hk/bookings-checkout/version/version/version/version/version/version/version/version/version/version/version/rb_wixui-4.thunderbolt_bootstra]
[www.thefightersclub.com.hk/bookings-checkout/version/version/version/version/version/version/version/version/version/version/version/rb_wixui-5.thunderbolt_bootstra]
[www.thefightersclub.com.hk/bookings-checkout/version/version/version/version/version/version/version/version/version/version/version/versi/decodeURIComponent(e.f9]
[www.thefightersclub.com.hk/bookings-checkout/version/version/version/version/version/version/version/version/version/version/version/version/robots.html]
[www.thefightersclub.com.hk/bookings-checkout/version/version/version/version/version/version/version/version/version/version/version/version/sitemap.html]
[www.thefightersclub.com.hk/bookings-checkout/version/version/version/version/version/version/version/version/version/version/version/version/feed.html]
[www.thefightersclub.com.hk/bookings-checkout/version/version/version/version/version/version/version/version/version/version/version/versi/rb_wixui-3.thunderbolt_bo]
[www.thefightersclub.com.hk/bookings-checkout/version/version/version/version/version/version/version/version/version/version/version/versi/rb_wixui-5.thunderbolt_bo]
[www.thefightersclub.com.hk/bookings-checkout/version/version/version/version/version/version/version/version/version/version/version/versi/rb_wixui-4.thunderbolt_bo]
[www.thefightersclub.com.hk/bookings-checkout/version/version/version/version/version/version/version/version/version/version/version/version/ve/sitemap.108.delaye]
[www.thefightersclub.com.hk/bookings-checkout/version/version/version/version/version/version/version/version/version/version/version/version/version/index.html]
[www.thefightersclub.com.hk/bookings-checkout/version/version/version/version/version/version/version/version/version/version/version/version/versi/feed.109.delaye]
[www.thefightersclub.com.hk/bookings-checkout/version/version/version/version/version/version/version/version/version/version/version/versi/decodeURIComponent(e.10]
[www.thefightersclub.com.hk/bookings-checkout/version/version/version/version/version/version/version/version/version/version/version/version.html]
[www.thefightersclub.com.hk/bookings-checkout/version/version/version/version/version/version/version/version/version/version/version/version/ver/robots.107.delaye]
[www.thefightersclub.com.hk/bookings-checkout/version/version/version/version/version/version/version/version/version/version/version/version/version.html]
[www.thefightersclub.com.hk/bookings-checkout/version/version/version/version/version/version/version/version/version/version/version/versio/99a6a99f.min.fe.delaye]
[www.thefightersclub.com.hk/bookings-checkout/version/version/version/version/version/version/version/version/version/version/version/version/version/v/index.html]
[www.thefightersclub.com.hk/bookings-checkout/version/version/version/version/version/version/version/version/version/version/version/versi/7a36fe10.chunk.min.10c]
[www.thefightersclub.com.hk/bookings-checkout/version/version/version/version/version/version/version/version/version/version/version/versi/7a36fe10.chunk.min.ff.d]
[www.thefightersclub.com.hk/bookings-checkout/version/version/version/version/version/version/version/version/version/version/version/versi/99a6a99f.min.10b.delaye]
[www.thefightersclub.com.hk/bookings-checkout/version/version/version/version/version/version/version/version/version/version/version/versi/e3671379.chunk.min.100]
